// Jest Snapshot v1, https://goo.gl/fbAQLP

exports[`Portfolio .constructor() should define fields 1`] = `
Portfolio {
  "fundAmount": Object {
    "min": 1000,
    "required": true,
    "type": [Function],
  },
}
`;
